Archive member included to satisfy reference by file (symbol)

c:/st/stm32cubeide_1.4.0/stm32cubeide/plugins/com.st.stm32cube.ide.mcu.externaltools.gnu-tools-for-stm32.7-2018-q2-update.win32_1.5.0.202011040924/tools/bin/../lib/gcc/arm-none-eabi/7.3.1/../../../../arm-none-eabi/lib/thumb/v7e-m/fpv4-sp/hard\libc_nano.a(lib_a-errno.o)
                              Core/Src/syscalls.o (__errno)
c:/st/stm32cubeide_1.4.0/stm32cubeide/plugins/com.st.stm32cube.ide.mcu.externaltools.gnu-tools-for-stm32.7-2018-q2-update.win32_1.5.0.202011040924/tools/bin/../lib/gcc/arm-none-eabi/7.3.1/../../../../arm-none-eabi/lib/thumb/v7e-m/fpv4-sp/hard\libc_nano.a(lib_a-exit.o)
                              c:/st/stm32cubeide_1.4.0/stm32cubeide/plugins/com.st.stm32cube.ide.mcu.externaltools.gnu-tools-for-stm32.7-2018-q2-update.win32_1.5.0.202011040924/tools/bin/../lib/gcc/arm-none-eabi/7.3.1/../../../../arm-none-eabi/lib/thumb/v7e-m/fpv4-sp/hard/crt0.o (exit)
c:/st/stm32cubeide_1.4.0/stm32cubeide/plugins/com.st.stm32cube.ide.mcu.externaltools.gnu-tools-for-stm32.7-2018-q2-update.win32_1.5.0.202011040924/tools/bin/../lib/gcc/arm-none-eabi/7.3.1/../../../../arm-none-eabi/lib/thumb/v7e-m/fpv4-sp/hard\libc_nano.a(lib_a-impure.o)
                              c:/st/stm32cubeide_1.4.0/stm32cubeide/plugins/com.st.stm32cube.ide.mcu.externaltools.gnu-tools-for-stm32.7-2018-q2-update.win32_1.5.0.202011040924/tools/bin/../lib/gcc/arm-none-eabi/7.3.1/../../../../arm-none-eabi/lib/thumb/v7e-m/fpv4-sp/hard\libc_nano.a(lib_a-exit.o) (_global_impure_ptr)
c:/st/stm32cubeide_1.4.0/stm32cubeide/plugins/com.st.stm32cube.ide.mcu.externaltools.gnu-tools-for-stm32.7-2018-q2-update.win32_1.5.0.202011040924/tools/bin/../lib/gcc/arm-none-eabi/7.3.1/../../../../arm-none-eabi/lib/thumb/v7e-m/fpv4-sp/hard\libc_nano.a(lib_a-init.o)
                              c:/st/stm32cubeide_1.4.0/stm32cubeide/plugins/com.st.stm32cube.ide.mcu.externaltools.gnu-tools-for-stm32.7-2018-q2-update.win32_1.5.0.202011040924/tools/bin/../lib/gcc/arm-none-eabi/7.3.1/../../../../arm-none-eabi/lib/thumb/v7e-m/fpv4-sp/hard/crt0.o (__libc_init_array)
c:/st/stm32cubeide_1.4.0/stm32cubeide/plugins/com.st.stm32cube.ide.mcu.externaltools.gnu-tools-for-stm32.7-2018-q2-update.win32_1.5.0.202011040924/tools/bin/../lib/gcc/arm-none-eabi/7.3.1/../../../../arm-none-eabi/lib/thumb/v7e-m/fpv4-sp/hard\libc_nano.a(lib_a-memset.o)
                              c:/st/stm32cubeide_1.4.0/stm32cubeide/plugins/com.st.stm32cube.ide.mcu.externaltools.gnu-tools-for-stm32.7-2018-q2-update.win32_1.5.0.202011040924/tools/bin/../lib/gcc/arm-none-eabi/7.3.1/../../../../arm-none-eabi/lib/thumb/v7e-m/fpv4-sp/hard/crt0.o (memset)
c:/st/stm32cubeide_1.4.0/stm32cubeide/plugins/com.st.stm32cube.ide.mcu.externaltools.gnu-tools-for-stm32.7-2018-q2-update.win32_1.5.0.202011040924/tools/bin/../lib/gcc/arm-none-eabi/7.3.1/thumb/v7e-m/fpv4-sp/hard\libgcc.a(_arm_addsubdf3.o)
                              Core/Src/stm32f4xx_it.o (__aeabi_ui2d)
c:/st/stm32cubeide_1.4.0/stm32cubeide/plugins/com.st.stm32cube.ide.mcu.externaltools.gnu-tools-for-stm32.7-2018-q2-update.win32_1.5.0.202011040924/tools/bin/../lib/gcc/arm-none-eabi/7.3.1/thumb/v7e-m/fpv4-sp/hard\libgcc.a(_arm_muldivdf3.o)
                              Core/Src/stm32f4xx_it.o (__aeabi_ddiv)
c:/st/stm32cubeide_1.4.0/stm32cubeide/plugins/com.st.stm32cube.ide.mcu.externaltools.gnu-tools-for-stm32.7-2018-q2-update.win32_1.5.0.202011040924/tools/bin/../lib/gcc/arm-none-eabi/7.3.1/thumb/v7e-m/fpv4-sp/hard\libgcc.a(_arm_fixunsdfsi.o)
                              Core/Src/stm32f4xx_it.o (__aeabi_d2uiz)

Discarded input sections

 .text          0x0000000000000000        0x0 c:/st/stm32cubeide_1.4.0/stm32cubeide/plugins/com.st.stm32cube.ide.mcu.externaltools.gnu-tools-for-stm32.7-2018-q2-update.win32_1.5.0.202011040924/tools/bin/../lib/gcc/arm-none-eabi/7.3.1/thumb/v7e-m/fpv4-sp/hard/crti.o
 .data          0x0000000000000000        0x0 c:/st/stm32cubeide_1.4.0/stm32cubeide/plugins/com.st.stm32cube.ide.mcu.externaltools.gnu-tools-for-stm32.7-2018-q2-update.win32_1.5.0.202011040924/tools/bin/../lib/gcc/arm-none-eabi/7.3.1/thumb/v7e-m/fpv4-sp/hard/crti.o
 .bss           0x0000000000000000        0x0 c:/st/stm32cubeide_1.4.0/stm32cubeide/plugins/com.st.stm32cube.ide.mcu.externaltools.gnu-tools-for-stm32.7-2018-q2-update.win32_1.5.0.202011040924/tools/bin/../lib/gcc/arm-none-eabi/7.3.1/thumb/v7e-m/fpv4-sp/hard/crti.o
 .data          0x0000000000000000        0x4 c:/st/stm32cubeide_1.4.0/stm32cubeide/plugins/com.st.stm32cube.ide.mcu.externaltools.gnu-tools-for-stm32.7-2018-q2-update.win32_1.5.0.202011040924/tools/bin/../lib/gcc/arm-none-eabi/7.3.1/thumb/v7e-m/fpv4-sp/hard/crtbegin.o
 .text          0x0000000000000000       0x74 c:/st/stm32cubeide_1.4.0/stm32cubeide/plugins/com.st.stm32cube.ide.mcu.externaltools.gnu-tools-for-stm32.7-2018-q2-update.win32_1.5.0.202011040924/tools/bin/../lib/gcc/arm-none-eabi/7.3.1/../../../../arm-none-eabi/lib/thumb/v7e-m/fpv4-sp/hard/crt0.o
[...]
Memory Configuration

Name             Origin             Length             Attributes
RAM              0x0000000020000000 0x0000000000020000 xrw
FLASH            0x0000000008000000 0x0000000000080000 xr
*default*        0x0000000000000000 0xffffffffffffffff

Linker script and memory map

LOAD c:/st/stm32cubeide_1.4.0/stm32cubeide/plugins/com.st.stm32cube.ide.mcu.externaltools.gnu-tools-for-stm32.7-2018-q2-update.win32_1.5.0.202011040924/tools/bin/../lib/gcc/arm-none-eabi/7.3.1/thumb/v7e-m/fpv4-sp/hard/crti.o
LOAD c:/st/stm32cubeide_1.4.0/stm32cubeide/plugins/com.st.stm32cube.ide.mcu.externaltools.gnu-tools-for-stm32.7-2018-q2-update.win32_1.5.0.202011040924/tools/bin/../lib/gcc/arm-none-eabi/7.3.1/thumb/v7e-m/fpv4-sp/hard/crtbegin.o
LOAD c:/st/stm32cubeide_1.4.0/stm32cubeide/plugins/com.st.stm32cube.ide.mcu.externaltools.gnu-tools-for-stm32.7-2018-q2-update.win32_1.5.0.202011040924/tools/bin/../lib/gcc/arm-none-eabi/7.3.1/../../../../arm-none-eabi/lib/thumb/v7e-m/fpv4-sp/hard/crt0.o
LOAD Core/Src/main.o
LOAD Core/Src/stm32f4xx_it.o
LOAD Core/Src/syscalls.o
LOAD Core/Src/sysmem.o
LOAD Core/Src/system_stm32f4xx.o
LOAD Core/Startup/startup_stm32f411ceux.o
LOAD Drivers/STM32F4xx_HAL_Driver/Src/stm32f4xx_ll_dma.o
LOAD Drivers/STM32F4xx_HAL_Driver/Src/stm32f4xx_ll_exti.o
LOAD Drivers/STM32F4xx_HAL_Driver/Src/stm32f4xx_ll_gpio.o
LOAD Drivers/STM32F4xx_HAL_Driver/Src/stm32f4xx_ll_rcc.o
LOAD Drivers/STM32F4xx_HAL_Driver/Src/stm32f4xx_ll_tim.o
LOAD Drivers/STM32F4xx_HAL_Driver/Src/stm32f4xx_ll_utils.o
START GROUP
LOAD c:/st/stm32cubeide_1.4.0/stm32cubeide/plugins/com.st.stm32cube.ide.mcu.externaltools.gnu-tools-for-stm32.7-2018-q2-update.win32_1.5.0.202011040924/tools/bin/../lib/gcc/arm-none-eabi/7.3.1/../../../../arm-none-eabi/lib/thumb/v7e-m/fpv4-sp/hard\libc_nano.a
LOAD c:/st/stm32cubeide_1.4.0/stm32cubeide/plugins/com.st.stm32cube.ide.mcu.externaltools.gnu-tools-for-stm32.7-2018-q2-update.win32_1.5.0.202011040924/tools/bin/../lib/gcc/arm-none-eabi/7.3.1/../../../../arm-none-eabi/lib/thumb/v7e-m/fpv4-sp/hard\libm.a
END GROUP
START GROUP
LOAD c:/st/stm32cubeide_1.4.0/stm32cubeide/plugins/com.st.stm32cube.ide.mcu.externaltools.gnu-tools-for-stm32.7-2018-q2-update.win32_1.5.0.202011040924/tools/bin/../lib/gcc/arm-none-eabi/7.3.1/thumb/v7e-m/fpv4-sp/hard\libgcc.a
LOAD c:/st/stm32cubeide_1.4.0/stm32cubeide/plugins/com.st.stm32cube.ide.mcu.externaltools.gnu-tools-for-stm32.7-2018-q2-update.win32_1.5.0.202011040924/tools/bin/../lib/gcc/arm-none-eabi/7.3.1/../../../../arm-none-eabi/lib/thumb/v7e-m/fpv4-sp/hard\libc_nano.a
END GROUP
START GROUP
LOAD c:/st/stm32cubeide_1.4.0/stm32cubeide/plugins/com.st.stm32cube.ide.mcu.externaltools.gnu-tools-for-stm32.7-2018-q2-update.win32_1.5.0.202011040924/tools/bin/../lib/gcc/arm-none-eabi/7.3.1/thumb/v7e-m/fpv4-sp/hard\libgcc.a
LOAD c:/st/stm32cubeide_1.4.0/stm32cubeide/plugins/com.st.stm32cube.ide.mcu.externaltools.gnu-tools-for-stm32.7-2018-q2-update.win32_1.5.0.202011040924/tools/bin/../lib/gcc/arm-none-eabi/7.3.1/../../../../arm-none-eabi/lib/thumb/v7e-m/fpv4-sp/hard\libc_nano.a
LOAD c:/st/stm32cubeide_1.4.0/stm32cubeide/plugins/com.st.stm32cube.ide.mcu.externaltools.gnu-tools-for-stm32.7-2018-q2-update.win32_1.5.0.202011040924/tools/bin/../lib/gcc/arm-none-eabi/7.3.1/../../../../arm-none-eabi/lib/thumb/v7e-m/fpv4-sp/hard\libnosys.a
END GROUP
START GROUP
LOAD c:/st/stm32cubeide_1.4.0/stm32cubeide/plugins/com.st.stm32cube.ide.mcu.externaltools.gnu-tools-for-stm32.7-2018-q2-update.win32_1.5.0.202011040924/tools/bin/../lib/gcc/arm-none-eabi/7.3.1/thumb/v7e-m/fpv4-sp/hard\libgcc.a
LOAD c:/st/stm32cubeide_1.4.0/stm32cubeide/plugins/com.st.stm32cube.ide.mcu.externaltools.gnu-tools-for-stm32.7-2018-q2-update.win32_1.5.0.202011040924/tools/bin/../lib/gcc/arm-none-eabi/7.3.1/../../../../arm-none-eabi/lib/thumb/v7e-m/fpv4-sp/hard\libc_nano.a
LOAD c:/st/stm32cubeide_1.4.0/stm32cubeide/plugins/com.st.stm32cube.ide.mcu.externaltools.gnu-tools-for-stm32.7-2018-q2-update.win32_1.5.0.202011040924/tools/bin/../lib/gcc/arm-none-eabi/7.3.1/../../../../arm-none-eabi/lib/thumb/v7e-m/fpv4-sp/hard\libnosys.a
END GROUP
LOAD c:/st/stm32cubeide_1.4.0/stm32cubeide/plugins/com.st.stm32cube.ide.mcu.externaltools.gnu-tools-for-stm32.7-2018-q2-update.win32_1.5.0.202011040924/tools/bin/../lib/gcc/arm-none-eabi/7.3.1/thumb/v7e-m/fpv4-sp/hard/crtend.o
LOAD c:/st/stm32cubeide_1.4.0/stm32cubeide/plugins/com.st.stm32cube.ide.mcu.externaltools.gnu-tools-for-stm32.7-2018-q2-update.win32_1.5.0.202011040924/tools/bin/../lib/gcc/arm-none-eabi/7.3.1/thumb/v7e-m/fpv4-sp/hard/crtn.o
                0x0000000020020000                _estack = (ORIGIN (RAM) + LENGTH (RAM))
                0x0000000000000200                _Min_Heap_Size = 0x200
                0x0000000000000400                _Min_Stack_Size = 0x400

.isr_vector     0x0000000008000000      0x198
                0x0000000008000000                . = ALIGN (0x4)
 *(.isr_vector)
 .isr_vector    0x0000000008000000      0x198 Core/Startup/startup_stm32f411ceux.o
                0x0000000008000000                g_pfnVectors
                0x0000000008000198                . = ALIGN (0x4)

.text           0x0000000008000198     0x1e5c
                0x0000000008000198                . = ALIGN (0x4)
 *(.text)
 .text          0x0000000008000198       0x40 c:/st/stm32cubeide_1.4.0/stm32cubeide/plugins/com.st.stm32cube.ide.mcu.externaltools.gnu-tools-for-stm32.7-2018-q2-update.win32_1.5.0.202011040924/tools/bin/../lib/gcc/arm-none-eabi/7.3.1/thumb/v7e-m/fpv4-sp/hard/crtbegin.o
 .text          0x00000000080001d8      0x378 c:/st/stm32cubeide_1.4.0/stm32cubeide/plugins/com.st.stm32cube.ide.mcu.externaltools.gnu-tools-for-stm32.7-2018-q2-update.win32_1.5.0.202011040924/tools/bin/../lib/gcc/arm-none-eabi/7.3.1/thumb/v7e-m/fpv4-sp/hard\libgcc.a(_arm_addsubdf3.o)
                0x00000000080001d8                __aeabi_drsub
                0x00000000080001e0                __aeabi_dsub
                0x00000000080001e0                __subdf3
                0x00000000080001e4                __aeabi_dadd
                0x00000000080001e4                __adddf3
                0x000000000800045c                __floatunsidf
                0x000000000800045c                __aeabi_ui2d
                0x000000000800047c                __floatsidf
                0x000000000800047c                __aeabi_i2d
                0x00000000080004a0                __aeabi_f2d
                0x00000000080004a0                __extendsfdf2
                0x00000000080004e4                __floatundidf
                0x00000000080004e4                __aeabi_ul2d
                0x00000000080004f4                __floatdidf
                0x00000000080004f4                __aeabi_l2d
 .text          0x0000000008000550      0x424 c:/st/stm32cubeide_1.4.0/stm32cubeide/plugins/com.st.stm32cube.ide.mcu.externaltools.gnu-tools-for-stm32.7-2018-q2-update.win32_1.5.0.202011040924/tools/bin/../lib/gcc/arm-none-eabi/7.3.1/thumb/v7e-m/fpv4-sp/hard\libgcc.a(_arm_muldivdf3.o)
                0x0000000008000550                __aeabi_dmul
                0x0000000008000550                __muldf3
                0x00000000080007a4                __divdf3
                0x00000000080007a4                __aeabi_ddiv
 .text          0x0000000008000974       0x40 c:/st/stm32cubeide_1.4.0/stm32cubeide/plugins/com.st.stm32cube.ide.mcu.externaltools.gnu-tools-for-stm32.7-2018-q2-update.win32_1.5.0.202011040924/tools/bin/../lib/gcc/arm-none-eabi/7.3.1/thumb/v7e-m/fpv4-sp/hard\libgcc.a(_arm_fixunsdfsi.o)
                0x0000000008000974                __aeabi_d2uiz
                0x0000000008000974                __fixunsdfsi
 *(.text*)
 .text.__NVIC_SetPriorityGrouping
                0x00000000080009b4       0x48 Core/Src/main.o
 .text.__NVIC_GetPriorityGrouping
                0x00000000080009fc       0x1c Core/Src/main.o
 .text.__NVIC_EnableIRQ
                0x0000000008000a18       0x3c Core/Src/main.o
 .text.__NVIC_SetPriority
                0x0000000008000a54       0x54 Core/Src/main.o
 .text.NVIC_EncodePriority
                0x0000000008000aa8       0x66 Core/Src/main.o
 *fill*         0x0000000008000b0e        0x2 
 .text.LL_RCC_HSE_Enable
                0x0000000008000b10       0x20 Core/Src/main.o
 .text.LL_RCC_HSE_IsReady
                0x0000000008000b30       0x28 Core/Src/main.o
 .text.LL_RCC_SetSysClkSource
                0x0000000008000b58       0x28 Core/Src/main.o
 .text.LL_RCC_GetSysClkSource
                0x0000000008000b80       0x1c Core/Src/main.o
 .text.LL_RCC_SetAHBPrescaler
                0x0000000008000b9c       0x28 Core/Src/main.o
 .text.LL_RCC_SetAPB1Prescaler
                0x0000000008000bc4       0x28 Core/Src/main.o
 .text.LL_RCC_SetAPB2Prescaler
                0x0000000008000bec       0x28 Core/Src/main.o
 .text.LL_RCC_SetTIMPrescaler
                0x0000000008000c14       0x2c Core/Src/main.o
 .text.LL_RCC_PLL_Enable
                0x0000000008000c40       0x20 Core/Src/main.o
 .text.LL_RCC_PLL_IsReady
                0x0000000008000c60       0x28 Core/Src/main.o
 .text.LL_RCC_PLL_ConfigDomain_SYS
                0x0000000008000c88       0x4c Core/Src/main.o
 .text.LL_AHB1_GRP1_EnableClock
                0x0000000008000cd4       0x30 Core/Src/main.o
 .text.LL_APB1_GRP1_EnableClock
                0x0000000008000d04       0x30 Core/Src/main.o
 .text.LL_APB2_GRP1_EnableClock
                0x0000000008000d34       0x30 Core/Src/main.o
 .text.LL_FLASH_SetLatency
                0x0000000008000d64       0x28 Core/Src/main.o
 .text.LL_FLASH_GetLatency
                0x0000000008000d8c       0x1c Core/Src/main.o
 .text.LL_PWR_SetRegulVoltageScaling
                0x0000000008000da8       0x28 Core/Src/main.o
 .text.LL_TIM_EnableCounter
                0x0000000008000dd0       0x20 Core/Src/main.o
 .text.LL_TIM_DisableARRPreload
                0x0000000008000df0       0x20 Core/Src/main.o
 .text.LL_TIM_CC_EnableChannel
                0x0000000008000e10       0x22 Core/Src/main.o
 *fill*         0x0000000008000e32        0x2 
 .text.LL_TIM_OC_DisableFast
                0x0000000008000e34       0x84 Core/Src/main.o
 .text.LL_TIM_OC_EnablePreload
                0x0000000008000eb8       0x84 Core/Src/main.o
 .text.LL_TIM_IC_SetActiveInput
                0x0000000008000f3c       0x94 Core/Src/main.o
 .text.LL_TIM_IC_SetPrescaler
                0x0000000008000fd0       0x94 Core/Src/main.o
 .text.LL_TIM_IC_SetFilter
                0x0000000008001064       0x94 Core/Src/main.o
 .text.LL_TIM_IC_SetPolarity
                0x00000000080010f8       0x84 Core/Src/main.o
 .text.LL_TIM_SetClockSource
                0x000000000800117c       0x2a Core/Src/main.o
 .text.LL_TIM_SetEncoderMode
                0x00000000080011a6       0x26 Core/Src/main.o
 .text.LL_TIM_SetTriggerOutput
                0x00000000080011cc       0x26 Core/Src/main.o
 .text.LL_TIM_DisableMasterSlaveMode
                0x00000000080011f2       0x20 Core/Src/main.o
 .text.LL_TIM_EnableIT_UPDATE
                0x0000000008001212       0x20 Core/Src/main.o
 *fill*         0x0000000008001232        0x2 
 .text.main     0x0000000008001234       0x58 Core/Src/main.o
                0x0000000008001234                main
 .text.SystemClock_Config
                0x000000000800128c       0x8c Core/Src/main.o
                0x000000000800128c                SystemClock_Config
 .text.MX_TIM2_Init
                0x0000000008001318      0x10c Core/Src/main.o
 .text.MX_TIM3_Init
                0x0000000008001424       0xf0 Core/Src/main.o
 .text.MX_GPIO_Init
                0x0000000008001514       0x14 Core/Src/main.o
 .text.LL_TIM_OC_SetCompareCH1
                0x0000000008001528       0x1c Core/Src/stm32f4xx_it.o
 .text.LL_TIM_ClearFlag_UPDATE
                0x0000000008001544       0x1c Core/Src/stm32f4xx_it.o
 .text.LL_TIM_IsActiveFlag_UPDATE
                0x0000000008001560       0x26 Core/Src/stm32f4xx_it.o
 .text.NMI_Handler
                0x0000000008001586        0x6 Core/Src/stm32f4xx_it.o
                0x0000000008001586                NMI_Handler
 .text.HardFault_Handler
                0x000000000800158c        0x6 Core/Src/stm32f4xx_it.o
                0x000000000800158c                HardFault_Handler
 .text.MemManage_Handler
                0x0000000008001592        0x6 Core/Src/stm32f4xx_it.o
                0x0000000008001592                MemManage_Handler
 .text.BusFault_Handler
                0x0000000008001598        0x6 Core/Src/stm32f4xx_it.o
                0x0000000008001598                BusFault_Handler
 .text.UsageFault_Handler
                0x000000000800159e        0x6 Core/Src/stm32f4xx_it.o
                0x000000000800159e                UsageFault_Handler
 .text.SVC_Handler
                0x00000000080015a4        0xe Core/Src/stm32f4xx_it.o
                0x00000000080015a4                SVC_Handler
 .text.DebugMon_Handler
                0x00000000080015b2        0xe Core/Src/stm32f4xx_it.o
                0x00000000080015b2                DebugMon_Handler
 .text.PendSV_Handler
                0x00000000080015c0        0xe Core/Src/stm32f4xx_it.o
                0x00000000080015c0                PendSV_Handler
 .text.SysTick_Handler
                0x00000000080015ce        0xe Core/Src/stm32f4xx_it.o
                0x00000000080015ce                SysTick_Handler
 *fill*         0x00000000080015dc        0x4 
 .text.TIM2_IRQHandler
                0x00000000080015e0       0x64 Core/Src/stm32f4xx_it.o
                0x00000000080015e0                TIM2_IRQHandler
 .text.SystemInit
                0x0000000008001644       0x2c Core/Src/system_stm32f4xx.o
                0x0000000008001644                SystemInit
 .text.Reset_Handler
                0x0000000008001670       0x50 Core/Startup/startup_stm32f411ceux.o
                0x0000000008001670                Reset_Handler
 .text.Default_Handler
                0x00000000080016c0        0x2 Core/Startup/startup_stm32f411ceux.o
                0x00000000080016c0                RTC_Alarm_IRQHandler
                0x00000000080016c0                EXTI2_IRQHandler
                0x00000000080016c0                SPI4_IRQHandler
                0x00000000080016c0                TIM1_CC_IRQHandler
                0x00000000080016c0                DMA2_Stream5_IRQHandler
                0x00000000080016c0                DMA1_Stream5_IRQHandler
                0x00000000080016c0                PVD_IRQHandler
                0x00000000080016c0                SDIO_IRQHandler
                0x00000000080016c0                TAMP_STAMP_IRQHandler
                0x00000000080016c0                EXTI3_IRQHandler
                0x00000000080016c0                TIM1_UP_TIM10_IRQHandler
                0x00000000080016c0                I2C3_ER_IRQHandler
                0x00000000080016c0                EXTI0_IRQHandler
                0x00000000080016c0                I2C2_EV_IRQHandler
                0x00000000080016c0                DMA1_Stream2_IRQHandler
                0x00000000080016c0                FPU_IRQHandler
                0x00000000080016c0                DMA2_Stream2_IRQHandler
                0x00000000080016c0                SPI1_IRQHandler
                0x00000000080016c0                TIM1_BRK_TIM9_IRQHandler
                0x00000000080016c0                DMA2_Stream3_IRQHandler
                0x00000000080016c0                USART6_IRQHandler
                0x00000000080016c0                DMA2_Stream0_IRQHandler
                0x00000000080016c0                TIM4_IRQHandler
                0x00000000080016c0                I2C1_EV_IRQHandler
                0x00000000080016c0                DMA1_Stream6_IRQHandler
                0x00000000080016c0                DMA1_Stream1_IRQHandler
                0x00000000080016c0                TIM3_IRQHandler
                0x00000000080016c0                RCC_IRQHandler
                0x00000000080016c0                Default_Handler
                0x00000000080016c0                EXTI15_10_IRQHandler
                0x00000000080016c0                ADC_IRQHandler
                0x00000000080016c0                DMA1_Stream7_IRQHandler
                0x00000000080016c0                SPI5_IRQHandler
                0x00000000080016c0                TIM5_IRQHandler
                0x00000000080016c0                DMA2_Stream7_IRQHandler
                0x00000000080016c0                I2C3_EV_IRQHandler
                0x00000000080016c0                EXTI9_5_IRQHandler
                0x00000000080016c0                RTC_WKUP_IRQHandler
                0x00000000080016c0                SPI2_IRQHandler
                0x00000000080016c0                DMA1_Stream0_IRQHandler
                0x00000000080016c0                EXTI4_IRQHandler
                0x00000000080016c0                WWDG_IRQHandler
                0x00000000080016c0                OTG_FS_WKUP_IRQHandler
                0x00000000080016c0                TIM1_TRG_COM_TIM11_IRQHandler
                0x00000000080016c0                EXTI1_IRQHandler
                0x00000000080016c0                USART2_IRQHandler
                0x00000000080016c0                I2C2_ER_IRQHandler
                0x00000000080016c0                DMA2_Stream1_IRQHandler
                0x00000000080016c0                FLASH_IRQHandler
                0x00000000080016c0                DMA2_Stream4_IRQHandler
                0x00000000080016c0                USART1_IRQHandler
                0x00000000080016c0                OTG_FS_IRQHandler
                0x00000000080016c0                SPI3_IRQHandler
                0x00000000080016c0                DMA1_Stream4_IRQHandler
                0x00000000080016c0                I2C1_ER_IRQHandler
                0x00000000080016c0                DMA2_Stream6_IRQHandler
                0x00000000080016c0                DMA1_Stream3_IRQHandler
 .text.LL_GPIO_SetPinMode
                0x00000000080016c2       0x5e Drivers/STM32F4xx_HAL_Driver/Src/stm32f4xx_ll_gpio.o
 .text.LL_GPIO_SetPinOutputType
                0x0000000008001720       0x30 Drivers/STM32F4xx_HAL_Driver/Src/stm32f4xx_ll_gpio.o
 .text.LL_GPIO_SetPinSpeed
                0x0000000008001750       0x5e Drivers/STM32F4xx_HAL_Driver/Src/stm32f4xx_ll_gpio.o
 .text.LL_GPIO_SetPinPull
                0x00000000080017ae       0x5e Drivers/STM32F4xx_HAL_Driver/Src/stm32f4xx_ll_gpio.o
 .text.LL_GPIO_SetAFPin_0_7
                0x000000000800180c       0x5e Drivers/STM32F4xx_HAL_Driver/Src/stm32f4xx_ll_gpio.o
 .text.LL_GPIO_SetAFPin_8_15
                0x000000000800186a       0x62 Drivers/STM32F4xx_HAL_Driver/Src/stm32f4xx_ll_gpio.o
 .text.LL_GPIO_Init
                0x00000000080018cc       0xe6 Drivers/STM32F4xx_HAL_Driver/Src/stm32f4xx_ll_gpio.o
                0x00000000080018cc                LL_GPIO_Init
 .text.LL_TIM_SetPrescaler
                0x00000000080019b2       0x1c Drivers/STM32F4xx_HAL_Driver/Src/stm32f4xx_ll_tim.o
 .text.LL_TIM_SetAutoReload
                0x00000000080019ce       0x1c Drivers/STM32F4xx_HAL_Driver/Src/stm32f4xx_ll_tim.o
 .text.LL_TIM_SetRepetitionCounter
                0x00000000080019ea       0x1c Drivers/STM32F4xx_HAL_Driver/Src/stm32f4xx_ll_tim.o
 .text.LL_TIM_OC_SetCompareCH1
                0x0000000008001a06       0x1c Drivers/STM32F4xx_HAL_Driver/Src/stm32f4xx_ll_tim.o
 .text.LL_TIM_OC_SetCompareCH2
                0x0000000008001a22       0x1c Drivers/STM32F4xx_HAL_Driver/Src/stm32f4xx_ll_tim.o
 .text.LL_TIM_OC_SetCompareCH3
                0x0000000008001a3e       0x1c Drivers/STM32F4xx_HAL_Driver/Src/stm32f4xx_ll_tim.o
 .text.LL_TIM_OC_SetCompareCH4
                0x0000000008001a5a       0x1c Drivers/STM32F4xx_HAL_Driver/Src/stm32f4xx_ll_tim.o
 .text.LL_TIM_GenerateEvent_UPDATE
                0x0000000008001a76       0x20 Drivers/STM32F4xx_HAL_Driver/Src/stm32f4xx_ll_tim.o
 *fill*         0x0000000008001a96        0x2 
 .text.LL_TIM_Init
                0x0000000008001a98       0xf4 Drivers/STM32F4xx_HAL_Driver/Src/stm32f4xx_ll_tim.o
                0x0000000008001a98                LL_TIM_Init
 .text.LL_TIM_OC_Init
                0x0000000008001b8c       0x70 Drivers/STM32F4xx_HAL_Driver/Src/stm32f4xx_ll_tim.o
                0x0000000008001b8c                LL_TIM_OC_Init
 .text.OC1Config
                0x0000000008001bfc       0xcc Drivers/STM32F4xx_HAL_Driver/Src/stm32f4xx_ll_tim.o
 .text.OC2Config
                0x0000000008001cc8       0xd4 Drivers/STM32F4xx_HAL_Driver/Src/stm32f4xx_ll_tim.o
 .text.OC3Config
                0x0000000008001d9c       0xd4 Drivers/STM32F4xx_HAL_Driver/Src/stm32f4xx_ll_tim.o
 .text.OC4Config
                0x0000000008001e70       0xa4 Drivers/STM32F4xx_HAL_Driver/Src/stm32f4xx_ll_tim.o
 .text.LL_InitTick
                0x0000000008001f14       0x34 Drivers/STM32F4xx_HAL_Driver/Src/stm32f4xx_ll_utils.o
 .text.LL_Init1msTick
                0x0000000008001f48       0x1a Drivers/STM32F4xx_HAL_Driver/Src/stm32f4xx_ll_utils.o
                0x0000000008001f48                LL_Init1msTick
 *fill*         0x0000000008001f62        0x2 
 .text.LL_SetSystemCoreClock
                0x0000000008001f64       0x20 Drivers/STM32F4xx_HAL_Driver/Src/stm32f4xx_ll_utils.o
                0x0000000008001f64                LL_SetSystemCoreClock
 .text.__libc_init_array
                0x0000000008001f84       0x48 c:/st/stm32cubeide_1.4.0/stm32cubeide/plugins/com.st.stm32cube.ide.mcu.externaltools.gnu-tools-for-stm32.7-2018-q2-update.win32_1.5.0.202011040924/tools/bin/../lib/gcc/arm-none-eabi/7.3.1/../../../../arm-none-eabi/lib/thumb/v7e-m/fpv4-sp/hard\libc_nano.a(lib_a-init.o)
                0x0000000008001f84                __libc_init_array
 .text.memset   0x0000000008001fcc       0x10 c:/st/stm32cubeide_1.4.0/stm32cubeide/plugins/com.st.stm32cube.ide.mcu.externaltools.gnu-tools-for-stm32.7-2018-q2-update.win32_1.5.0.202011040924/tools/bin/../lib/gcc/arm-none-eabi/7.3.1/../../../../arm-none-eabi/lib/thumb/v7e-m/fpv4-sp/hard\libc_nano.a(lib_a-memset.o)
                0x0000000008001fcc                memset
 *(.glue_7)
 .glue_7        0x0000000008001fdc        0x0 linker stubs
 *(.glue_7t)
 .glue_7t       0x0000000008001fdc        0x0 linker stubs
 *(.eh_frame)
 .eh_frame      0x0000000008001fdc        0x0 c:/st/stm32cubeide_1.4.0/stm32cubeide/plugins/com.st.stm32cube.ide.mcu.externaltools.gnu-tools-for-stm32.7-2018-q2-update.win32_1.5.0.202011040924/tools/bin/../lib/gcc/arm-none-eabi/7.3.1/thumb/v7e-m/fpv4-sp/hard/crtbegin.o
 *(.init)
 .init          0x0000000008001fdc        0x4 c:/st/stm32cubeide_1.4.0/stm32cubeide/plugins/com.st.stm32cube.ide.mcu.externaltools.gnu-tools-for-stm32.7-2018-q2-update.win32_1.5.0.202011040924/tools/bin/../lib/gcc/arm-none-eabi/7.3.1/thumb/v7e-m/fpv4-sp/hard/crti.o
                0x0000000008001fdc                _init
 .init          0x0000000008001fe0        0x8 c:/st/stm32cubeide_1.4.0/stm32cubeide/plugins/com.st.stm32cube.ide.mcu.externaltools.gnu-tools-for-stm32.7-2018-q2-update.win32_1.5.0.202011040924/tools/bin/../lib/gcc/arm-none-eabi/7.3.1/thumb/v7e-m/fpv4-sp/hard/crtn.o
 *(.fini)
 .fini          0x0000000008001fe8        0x4 c:/st/stm32cubeide_1.4.0/stm32cubeide/plugins/com.st.stm32cube.ide.mcu.externaltools.gnu-tools-for-stm32.7-2018-q2-update.win32_1.5.0.202011040924/tools/bin/../lib/gcc/arm-none-eabi/7.3.1/thumb/v7e-m/fpv4-sp/hard/crti.o
                0x0000000008001fe8                _fini
 .fini          0x0000000008001fec        0x8 c:/st/stm32cubeide_1.4.0/stm32cubeide/plugins/com.st.stm32cube.ide.mcu.externaltools.gnu-tools-for-stm32.7-2018-q2-update.win32_1.5.0.202011040924/tools/bin/../lib/gcc/arm-none-eabi/7.3.1/thumb/v7e-m/fpv4-sp/hard/crtn.o
                0x0000000008001ff4                . = ALIGN (0x4)
                0x0000000008001ff4                _etext = .

.vfp11_veneer   0x0000000008001ff4        0x0
 .vfp11_veneer  0x0000000008001ff4        0x0 linker stubs

.v4_bx          0x0000000008001ff4        0x0
 .v4_bx         0x0000000008001ff4        0x0 linker stubs

.iplt           0x0000000008001ff4        0x0
 .iplt          0x0000000008001ff4        0x0 c:/st/stm32cubeide_1.4.0/stm32cubeide/plugins/com.st.stm32cube.ide.mcu.externaltools.gnu-tools-for-stm32.7-2018-q2-update.win32_1.5.0.202011040924/tools/bin/../lib/gcc/arm-none-eabi/7.3.1/thumb/v7e-m/fpv4-sp/hard/crtbegin.o

.rodata         0x0000000008001ff4       0x20
                0x0000000008001ff4                . = ALIGN (0x4)
 *(.rodata)
 *(.rodata*)
 .rodata.OFFSET_TAB_CCMRx
                0x0000000008001ff4        0x7 Core/Src/main.o
 *fill*         0x0000000008001ffb        0x1 
 .rodata.SHIFT_TAB_OCxx
                0x0000000008001ffc        0x7 Core/Src/main.o
 *fill*         0x0000000008002003        0x1 
 .rodata.SHIFT_TAB_ICxx
                0x0000000008002004        0x7 Core/Src/main.o
 *fill*         0x000000000800200b        0x1 
 .rodata.SHIFT_TAB_CCxP
                0x000000000800200c        0x7 Core/Src/main.o
                0x0000000008002014                . = ALIGN (0x4)
 *fill*         0x0000000008002013        0x1 

.rel.dyn        0x0000000008002014        0x0
 .rel.iplt      0x0000000008002014        0x0 c:/st/stm32cubeide_1.4.0/stm32cubeide/plugins/com.st.stm32cube.ide.mcu.externaltools.gnu-tools-for-stm32.7-2018-q2-update.win32_1.5.0.202011040924/tools/bin/../lib/gcc/arm-none-eabi/7.3.1/thumb/v7e-m/fpv4-sp/hard/crtbegin.o

.ARM.extab      0x0000000008002014        0x0
                0x0000000008002014                . = ALIGN (0x4)
 *(.ARM.extab* .gnu.linkonce.armextab.*)
                0x0000000008002014                . = ALIGN (0x4)

.ARM            0x0000000008002014        0x0
                0x0000000008002014                . = ALIGN (0x4)
                0x0000000008002014                __exidx_start = .
 *(.ARM.exidx*)
                0x0000000008002014                __exidx_end = .
                0x0000000008002014                . = ALIGN (0x4)

.preinit_array  0x0000000008002014        0x0
                0x0000000008002014                . = ALIGN (0x4)
                0x0000000008002014                PROVIDE (__preinit_array_start = .)
 *(.preinit_array*)
                0x0000000008002014                PROVIDE (__preinit_array_end = .)
                0x0000000008002014                . = ALIGN (0x4)

.init_array     0x0000000008002014        0x4
                0x0000000008002014                . = ALIGN (0x4)
                0x0000000008002014                PROVIDE (__init_array_start = .)
 *(SORT_BY_NAME(.init_array.*))
 *(.init_array*)
 .init_array    0x0000000008002014        0x4 c:/st/stm32cubeide_1.4.0/stm32cubeide/plugins/com.st.stm32cube.ide.mcu.externaltools.gnu-tools-for-stm32.7-2018-q2-update.win32_1.5.0.202011040924/tools/bin/../lib/gcc/arm-none-eabi/7.3.1/thumb/v7e-m/fpv4-sp/hard/crtbegin.o
                0x0000000008002018                PROVIDE (__init_array_end = .)
                0x0000000008002018                . = ALIGN (0x4)

.fini_array     0x0000000008002018        0x4
                0x0000000008002018                . = ALIGN (0x4)
                [!provide]                        PROVIDE (__fini_array_start = .)
 *(SORT_BY_NAME(.fini_array.*))
 *(.fini_array*)
 .fini_array    0x0000000008002018        0x4 c:/st/stm32cubeide_1.4.0/stm32cubeide/plugins/com.st.stm32cube.ide.mcu.externaltools.gnu-tools-for-stm32.7-2018-q2-update.win32_1.5.0.202011040924/tools/bin/../lib/gcc/arm-none-eabi/7.3.1/thumb/v7e-m/fpv4-sp/hard/crtbegin.o
                [!provide]                        PROVIDE (__fini_array_end = .)
                0x000000000800201c                . = ALIGN (0x4)
                0x000000000800201c                _sidata = LOADADDR (.data)

.data           0x0000000020000000        0x4 load address 0x000000000800201c
                0x0000000020000000                . = ALIGN (0x4)
                0x0000000020000000                _sdata = .
 *(.data)
 *(.data*)
 .data.SystemCoreClock
                0x0000000020000000        0x4 Core/Src/system_stm32f4xx.o
                0x0000000020000000                SystemCoreClock
 *(.RamFunc)
 *(.RamFunc*)
                0x0000000020000004                . = ALIGN (0x4)
                0x0000000020000004                _edata = .

.igot.plt       0x0000000020000004        0x0 load address 0x0000000008002020
 .igot.plt      0x0000000020000004        0x0 c:/st/stm32cubeide_1.4.0/stm32cubeide/plugins/com.st.stm32cube.ide.mcu.externaltools.gnu-tools-for-stm32.7-2018-q2-update.win32_1.5.0.202011040924/tools/bin/../lib/gcc/arm-none-eabi/7.3.1/thumb/v7e-m/fpv4-sp/hard/crtbegin.o
                0x0000000020000004                . = ALIGN (0x4)

.bss            0x0000000020000004       0x1c load address 0x0000000008002020
                0x0000000020000004                _sbss = .
                0x0000000020000004                __bss_start__ = _sbss
 *(.bss)
 .bss           0x0000000020000004       0x1c c:/st/stm32cubeide_1.4.0/stm32cubeide/plugins/com.st.stm32cube.ide.mcu.externaltools.gnu-tools-for-stm32.7-2018-q2-update.win32_1.5.0.202011040924/tools/bin/../lib/gcc/arm-none-eabi/7.3.1/thumb/v7e-m/fpv4-sp/hard/crtbegin.o
 *(.bss*)
 *(COMMON)
                0x0000000020000020                . = ALIGN (0x4)
                0x0000000020000020                _ebss = .
                0x0000000020000020                __bss_end__ = _ebss

._user_heap_stack
                0x0000000020000020      0x600 load address 0x0000000008002020
                0x0000000020000020                . = ALIGN (0x8)
                [!provide]                        PROVIDE (end = .)
                0x0000000020000020                PROVIDE (_end = .)
                0x0000000020000220                . = (. + _Min_Heap_Size)
 *fill*         0x0000000020000020      0x200 
                0x0000000020000620                . = (. + _Min_Stack_Size)
 *fill*         0x0000000020000220      0x400 
                0x0000000020000620                . = ALIGN (0x8)

/DISCARD/
 libc.a(*)
 libm.a(*)
 libgcc.a(*)

.ARM.attributes
                0x0000000000000000       0x30
 *(.ARM.attributes)
 .ARM.attributes
                0x0000000000000000       0x22 c:/st/stm32cubeide_1.4.0/stm32cubeide/plugins/com.st.stm32cube.ide.mcu.externaltools.gnu-tools-for-stm32.7-2018-q2-update.win32_1.5.0.202011040924/tools/bin/../lib/gcc/arm-none-eabi/7.3.1/thumb/v7e-m/fpv4-sp/hard/crti.o
 .ARM.attributes
                0x0000000000000022       0x34 c:/st/stm32cubeide_1.4.0/stm32cubeide/plugins/com.st.stm32cube.ide.mcu.externaltools.gnu-tools-for-stm32.7-2018-q2-update.win32_1.5.0.202011040924/tools/bin/../lib/gcc/arm-none-eabi/7.3.1/thumb/v7e-m/fpv4-sp/hard/crtbegin.o
 .ARM.attributes
                0x0000000000000056       0x39 Core/Src/main.o
 .ARM.attributes
                0x000000000000008f       0x39 Core/Src/stm32f4xx_it.o
 .ARM.attributes
                0x00000000000000c8       0x39 Core/Src/system_stm32f4xx.o
 .ARM.attributes
                0x0000000000000101       0x21 Core/Startup/startup_stm32f411ceux.o
 .ARM.attributes
                0x0000000000000122       0x39 Drivers/STM32F4xx_HAL_Driver/Src/stm32f4xx_ll_gpio.o
 .ARM.attributes
                0x000000000000015b       0x39 Drivers/STM32F4xx_HAL_Driver/Src/stm32f4xx_ll_tim.o
 .ARM.attributes
                0x0000000000000194       0x39 Drivers/STM32F4xx_HAL_Driver/Src/stm32f4xx_ll_utils.o
 .ARM.attributes
                0x00000000000001cd       0x34 c:/st/stm32cubeide_1.4.0/stm32cubeide/plugins/com.st.stm32cube.ide.mcu.externaltools.gnu-tools-for-stm32.7-2018-q2-update.win32_1.5.0.202011040924/tools/bin/../lib/gcc/arm-none-eabi/7.3.1/../../../../arm-none-eabi/lib/thumb/v7e-m/fpv4-sp/hard\libc_nano.a(lib_a-init.o)
 .ARM.attributes
                0x0000000000000201       0x34 c:/st/stm32cubeide_1.4.0/stm32cubeide/plugins/com.st.stm32cube.ide.mcu.externaltools.gnu-tools-for-stm32.7-2018-q2-update.win32_1.5.0.202011040924/tools/bin/../lib/gcc/arm-none-eabi/7.3.1/../../../../arm-none-eabi/lib/thumb/v7e-m/fpv4-sp/hard\libc_nano.a(lib_a-memset.o)
 .ARM.attributes
                0x0000000000000235       0x22 c:/st/stm32cubeide_1.4.0/stm32cubeide/plugins/com.st.stm32cube.ide.mcu.externaltools.gnu-tools-for-stm32.7-2018-q2-update.win32_1.5.0.202011040924/tools/bin/../lib/gcc/arm-none-eabi/7.3.1/thumb/v7e-m/fpv4-sp/hard\libgcc.a(_arm_addsubdf3.o)
 .ARM.attributes
                0x0000000000000257       0x22 c:/st/stm32cubeide_1.4.0/stm32cubeide/plugins/com.st.stm32cube.ide.mcu.externaltools.gnu-tools-for-stm32.7-2018-q2-update.win32_1.5.0.202011040924/tools/bin/../lib/gcc/arm-none-eabi/7.3.1/thumb/v7e-m/fpv4-sp/hard\libgcc.a(_arm_muldivdf3.o)
 .ARM.attributes
                0x0000000000000279       0x22 c:/st/stm32cubeide_1.4.0/stm32cubeide/plugins/com.st.stm32cube.ide.mcu.externaltools.gnu-tools-for-stm32.7-2018-q2-update.win32_1.5.0.202011040924/tools/bin/../lib/gcc/arm-none-eabi/7.3.1/thumb/v7e-m/fpv4-sp/hard\libgcc.a(_arm_fixunsdfsi.o)
 .ARM.attributes
                0x000000000000029b       0x22 c:/st/stm32cubeide_1.4.0/stm32cubeide/plugins/com.st.stm32cube.ide.mcu.externaltools.gnu-tools-for-stm32.7-2018-q2-update.win32_1.5.0.202011040924/tools/bin/../lib/gcc/arm-none-eabi/7.3.1/thumb/v7e-m/fpv4-sp/hard/crtn.o
OUTPUT(enkoder_pwm.elf elf32-littlearm)

.debug_info     0x0000000000000000     0x3dcd
 .debug_info    0x0000000000000000     0x136d Core/Src/main.o
 .debug_info    0x000000000000136d      0x3e9 Core/Src/stm32f4xx_it.o
 .debug_info    0x0000000000001756      0x525 Core/Src/system_stm32f4xx.o
 .debug_info    0x0000000000001c7b       0x22 Core/Startup/startup_stm32f411ceux.o
 .debug_info    0x0000000000001c9d      0x8ec Drivers/STM32F4xx_HAL_Driver/Src/stm32f4xx_ll_gpio.o
 .debug_info    0x0000000000002589      0xf39 Drivers/STM32F4xx_HAL_Driver/Src/stm32f4xx_ll_tim.o
 .debug_info    0x00000000000034c2      0x90b Drivers/STM32F4xx_HAL_Driver/Src/stm32f4xx_ll_utils.o

.debug_abbrev   0x0000000000000000      0xafa
 .debug_abbrev  0x0000000000000000      0x264 Core/Src/main.o
 .debug_abbrev  0x0000000000000264      0x153 Core/Src/stm32f4xx_it.o
 .debug_abbrev  0x00000000000003b7      0x111 Core/Src/system_stm32f4xx.o
 .debug_abbrev  0x00000000000004c8       0x12 Core/Startup/startup_stm32f411ceux.o
 .debug_abbrev  0x00000000000004da      0x212 Drivers/STM32F4xx_HAL_Driver/Src/stm32f4xx_ll_gpio.o
 .debug_abbrev  0x00000000000006ec      0x1ff Drivers/STM32F4xx_HAL_Driver/Src/stm32f4xx_ll_tim.o
 .debug_abbrev  0x00000000000008eb      0x20f Drivers/STM32F4xx_HAL_Driver/Src/stm32f4xx_ll_utils.o

.debug_aranges  0x0000000000000000      0x4c8
 .debug_aranges
                0x0000000000000000      0x168 Core/Src/main.o
 .debug_aranges
                0x0000000000000168       0x80 Core/Src/stm32f4xx_it.o
 .debug_aranges
                0x00000000000001e8       0x28 Core/Src/system_stm32f4xx.o
 .debug_aranges
                0x0000000000000210       0x28 Core/Startup/startup_stm32f411ceux.o
 .debug_aranges
                0x0000000000000238       0x70 Drivers/STM32F4xx_HAL_Driver/Src/stm32f4xx_ll_gpio.o
 .debug_aranges
                0x00000000000002a8      0x128 Drivers/STM32F4xx_HAL_Driver/Src/stm32f4xx_ll_tim.o
 .debug_aranges
                0x00000000000003d0       0xf8 Drivers/STM32F4xx_HAL_Driver/Src/stm32f4xx_ll_utils.o

.debug_ranges   0x0000000000000000      0x460
 .debug_ranges  0x0000000000000000      0x158 Core/Src/main.o
 .debug_ranges  0x0000000000000158       0x70 Core/Src/stm32f4xx_it.o
 .debug_ranges  0x00000000000001c8       0x18 Core/Src/system_stm32f4xx.o
 .debug_ranges  0x00000000000001e0       0x20 Core/Startup/startup_stm32f411ceux.o
 .debug_ranges  0x0000000000000200       0x60 Drivers/STM32F4xx_HAL_Driver/Src/stm32f4xx_ll_gpio.o
 .debug_ranges  0x0000000000000260      0x118 Drivers/STM32F4xx_HAL_Driver/Src/stm32f4xx_ll_tim.o
 .debug_ranges  0x0000000000000378       0xe8 Drivers/STM32F4xx_HAL_Driver/Src/stm32f4xx_ll_utils.o

.debug_macro    0x0000000000000000    0x108c7
 .debug_macro   0x0000000000000000      0x13d Core/Src/main.o
 .debug_macro   0x000000000000013d      0xa9c Core/Src/main.o
 .debug_macro   0x0000000000000bd9       0x2e Core/Src/main.o
 .debug_macro   0x0000000000000c07       0x28 Core/Src/main.o
 .debug_macro   0x0000000000000c2f       0x22 Core/Src/main.o
 .debug_macro   0x0000000000000c51       0x8e Core/Src/main.o
 .debug_macro   0x0000000000000cdf       0x51 Core/Src/main.o
 .debug_macro   0x0000000000000d30       0xef Core/Src/main.o
 .debug_macro   0x0000000000000e1f       0x6a Core/Src/main.o
 .debug_macro   0x0000000000000e89      0x1df Core/Src/main.o
 .debug_macro   0x0000000000001068       0x1c Core/Src/main.o
 .debug_macro   0x0000000000001084       0x22 Core/Src/main.o
 .debug_macro   0x00000000000010a6       0xdf Core/Src/main.o
 .debug_macro   0x0000000000001185     0x102d Core/Src/main.o
 .debug_macro   0x00000000000021b2      0x11f Core/Src/main.o
 .debug_macro   0x00000000000022d1     0xb937 Core/Src/main.o
 .debug_macro   0x000000000000dc08       0x43 Core/Src/main.o
 .debug_macro   0x000000000000dc4b      0x782 Core/Src/main.o
 .debug_macro   0x000000000000e3cd      0x11d Core/Src/main.o
 .debug_macro   0x000000000000e4ea      0x1ab Core/Src/main.o
 .debug_macro   0x000000000000e695       0xe8 Core/Src/main.o
 .debug_macro   0x000000000000e77d      0x1a8 Core/Src/main.o
 .debug_macro   0x000000000000e925       0x61 Core/Src/main.o
 .debug_macro   0x000000000000e986       0xbd Core/Src/main.o
 .debug_macro   0x000000000000ea43      0x1e6 Core/Src/main.o
 .debug_macro   0x000000000000ec29      0x5f3 Core/Src/main.o
 .debug_macro   0x000000000000f21c      0x149 Core/Src/main.o
 .debug_macro   0x000000000000f365       0x22 Core/Src/main.o
 .debug_macro   0x000000000000f387      0x147 Core/Src/stm32f4xx_it.o
 .debug_macro   0x000000000000f4ce       0xd4 Core/Src/system_stm32f4xx.o
 .debug_macro   0x000000000000f5a2      0x110 Drivers/STM32F4xx_HAL_Driver/Src/stm32f4xx_ll_gpio.o
 .debug_macro   0x000000000000f6b2      0x143 Drivers/STM32F4xx_HAL_Driver/Src/stm32f4xx_ll_gpio.o
 .debug_macro   0x000000000000f7f5      0x159 Drivers/STM32F4xx_HAL_Driver/Src/stm32f4xx_ll_tim.o
 .debug_macro   0x000000000000f94e      0x5ed Drivers/STM32F4xx_HAL_Driver/Src/stm32f4xx_ll_tim.o
 .debug_macro   0x000000000000ff3b      0x1a9 Drivers/STM32F4xx_HAL_Driver/Src/stm32f4xx_ll_utils.o
 .debug_macro   0x00000000000100e4       0x5b Drivers/STM32F4xx_HAL_Driver/Src/stm32f4xx_ll_utils.o
 .debug_macro   0x000000000001013f      0x788 Drivers/STM32F4xx_HAL_Driver/Src/stm32f4xx_ll_utils.o

.debug_line     0x0000000000000000     0x2da6
 .debug_line    0x0000000000000000      0xb41 Core/Src/main.o
 .debug_line    0x0000000000000b41      0x697 Core/Src/stm32f4xx_it.o
 .debug_line    0x00000000000011d8      0x486 Core/Src/system_stm32f4xx.o
 .debug_line    0x000000000000165e       0x85 Core/Startup/startup_stm32f411ceux.o
 .debug_line    0x00000000000016e3      0x674 Drivers/STM32F4xx_HAL_Driver/Src/stm32f4xx_ll_gpio.o
 .debug_line    0x0000000000001d57      0x88f Drivers/STM32F4xx_HAL_Driver/Src/stm32f4xx_ll_tim.o
 .debug_line    0x00000000000025e6      0x7c0 Drivers/STM32F4xx_HAL_Driver/Src/stm32f4xx_ll_utils.o

.debug_str      0x0000000000000000    0x5fd1a
 .debug_str     0x0000000000000000    0x5cb74 Core/Src/main.o
                                      0x5cddf (size before relaxing)
 .debug_str     0x000000000005cb74      0x118 Core/Src/stm32f4xx_it.o
                                      0x5c359 (size before relaxing)
 .debug_str     0x000000000005cc8c       0x70 Core/Src/system_stm32f4xx.o
                                      0x4f82d (size before relaxing)
 .debug_str     0x000000000005ccfc       0x36 Core/Startup/startup_stm32f411ceux.o
                                         0x74 (size before relaxing)
 .debug_str     0x000000000005cd32      0x6b8 Drivers/STM32F4xx_HAL_Driver/Src/stm32f4xx_ll_gpio.o
                                      0x50d49 (size before relaxing)
 .debug_str     0x000000000005d3ea     0x124c Drivers/STM32F4xx_HAL_Driver/Src/stm32f4xx_ll_tim.o
                                      0x54445 (size before relaxing)
 .debug_str     0x000000000005e636     0x16e4 Drivers/STM32F4xx_HAL_Driver/Src/stm32f4xx_ll_utils.o
                                      0x572ba (size before relaxing)

.comment        0x0000000000000000       0x7b
 .comment       0x0000000000000000       0x7b Core/Src/main.o
                                         0x7c (size before relaxing)
 .comment       0x000000000000007b       0x7c Core/Src/stm32f4xx_it.o
 .comment       0x000000000000007b       0x7c Core/Src/system_stm32f4xx.o
 .comment       0x000000000000007b       0x7c Drivers/STM32F4xx_HAL_Driver/Src/stm32f4xx_ll_gpio.o
 .comment       0x000000000000007b       0x7c Drivers/STM32F4xx_HAL_Driver/Src/stm32f4xx_ll_tim.o
 .comment       0x000000000000007b       0x7c Drivers/STM32F4xx_HAL_Driver/Src/stm32f4xx_ll_utils.o

.debug_frame    0x0000000000000000     0x1494
 .debug_frame   0x0000000000000000      0x640 Core/Src/main.o
 .debug_frame   0x0000000000000640      0x1a0 Core/Src/stm32f4xx_it.o
 .debug_frame   0x00000000000007e0       0x58 Core/Src/system_stm32f4xx.o
 .debug_frame   0x0000000000000838      0x1c0 Drivers/STM32F4xx_HAL_Driver/Src/stm32f4xx_ll_gpio.o
 .debug_frame   0x00000000000009f8      0x538 Drivers/STM32F4xx_HAL_Driver/Src/stm32f4xx_ll_tim.o
 .debug_frame   0x0000000000000f30      0x3f8 Drivers/STM32F4xx_HAL_Driver/Src/stm32f4xx_ll_utils.o
 .debug_frame   0x0000000000001328       0x2c c:/st/stm32cubeide_1.4.0/stm32cubeide/plugins/com.st.stm32cube.ide.mcu.externaltools.gnu-tools-for-stm32.7-2018-q2-update.win32_1.5.0.202011040924/tools/bin/../lib/gcc/arm-none-eabi/7.3.1/../../../../arm-none-eabi/lib/thumb/v7e-m/fpv4-sp/hard\libc_nano.a(lib_a-init.o)
 .debug_frame   0x0000000000001354       0x20 c:/st/stm32cubeide_1.4.0/stm32cubeide/plugins/com.st.stm32cube.ide.mcu.externaltools.gnu-tools-for-stm32.7-2018-q2-update.win32_1.5.0.202011040924/tools/bin/../lib/gcc/arm-none-eabi/7.3.1/../../../../arm-none-eabi/lib/thumb/v7e-m/fpv4-sp/hard\libc_nano.a(lib_a-memset.o)
 .debug_frame   0x0000000000001374       0xac c:/st/stm32cubeide_1.4.0/stm32cubeide/plugins/com.st.stm32cube.ide.mcu.externaltools.gnu-tools-for-stm32.7-2018-q2-update.win32_1.5.0.202011040924/tools/bin/../lib/gcc/arm-none-eabi/7.3.1/thumb/v7e-m/fpv4-sp/hard\libgcc.a(_arm_addsubdf3.o)
 .debug_frame   0x0000000000001420       0x50 c:/st/stm32cubeide_1.4.0/stm32cubeide/plugins/com.st.stm32cube.ide.mcu.externaltools.gnu-tools-for-stm32.7-2018-q2-update.win32_1.5.0.202011040924/tools/bin/../lib/gcc/arm-none-eabi/7.3.1/thumb/v7e-m/fpv4-sp/hard\libgcc.a(_arm_muldivdf3.o)
 .debug_frame   0x0000000000001470       0x24 c:/st/stm32cubeide_1.4.0/stm32cubeide/plugins/com.st.stm32cube.ide.mcu.externaltools.gnu-tools-for-stm32.7-2018-q2-update.win32_1.5.0.202011040924/tools/bin/../lib/gcc/arm-none-eabi/7.3.1/thumb/v7e-m/fpv4-sp/hard\libgcc.a(_arm_fixunsdfsi.o)
